sample.interval=20000
"scan" "read.table" "read.csv" "stepDataImport" "profilingWrapper" 
"scan" "read.table" "read.csv" "stepDataImport" "profilingWrapper" 
"scan" "read.table" "read.csv" "stepDataImport" "profilingWrapper" 
"scan" "read.table" "read.csv" "stepDataImport" "profilingWrapper" 
"scan" "read.table" "read.csv" "stepDataImport" "profilingWrapper" 
"scan" "read.table" "read.csv" "stepDataImport" "profilingWrapper" 
"scan" "read.table" "read.csv" "stepDataImport" "profilingWrapper" 
"scan" "read.table" "read.csv" "stepDataImport" "profilingWrapper" 
"scan" "read.table" "read.csv" "stepDataImport" "profilingWrapper" 
"scan" "read.table" "read.csv" "stepDataImport" "profilingWrapper" 
"scan" "read.table" "read.csv" "stepDataImport" "profilingWrapper" 
"scan" "read.table" "read.csv" "stepDataImport" "profilingWrapper" 
"scan" "read.table" "read.csv" "stepDataImport" "profilingWrapper" 
"scan" "read.table" "read.csv" "stepDataImport" "profilingWrapper" 
"scan" "read.table" "read.csv" "stepDataImport" "profilingWrapper" 
"scan" "read.table" "read.csv" "stepDataImport" "profilingWrapper" 
"scan" "read.table" "read.csv" "stepDataImport" "profilingWrapper" 
"scan" "read.table" "read.csv" "stepDataImport" "profilingWrapper" 
"scan" "read.table" "read.csv" "stepDataImport" "profilingWrapper" 
"scan" "read.table" "read.csv" "stepDataImport" "profilingWrapper" 
"scan" "read.table" "read.csv" "stepDataImport" "profilingWrapper" 
"scan" "read.table" "read.csv" "stepDataImport" "profilingWrapper" 
"scan" "read.table" "read.csv" "stepDataImport" "profilingWrapper" 
"scan" "read.table" "read.csv" "stepDataImport" "profilingWrapper" 
"scan" "read.table" "read.csv" "stepDataImport" "profilingWrapper" 
"scan" "read.table" "read.csv" "stepDataImport" "profilingWrapper" 
"scan" "read.table" "read.csv" "stepDataImport" "profilingWrapper" 
"scan" "read.table" "read.csv" "stepDataImport" "profilingWrapper" 
"scan" "read.table" "read.csv" "stepDataImport" "profilingWrapper" 
"scan" "read.table" "read.csv" "stepDataImport" "profilingWrapper" 
"scan" "read.table" "read.csv" "stepDataImport" "profilingWrapper" 
"scan" "read.table" "read.csv" "stepDataImport" "profilingWrapper" 
"scan" "read.table" "read.csv" "stepDataImport" "profilingWrapper" 
"scan" "read.table" "read.csv" "stepDataImport" "profilingWrapper" 
"scan" "read.table" "read.csv" "stepDataImport" "profilingWrapper" 
"scan" "read.table" "read.csv" "stepDataImport" "profilingWrapper" 
"scan" "read.table" "read.csv" "stepDataImport" "profilingWrapper" 
".External2" "type.convert.default" "type.convert" "read.table" "read.csv" "stepDataImport" "profilingWrapper" 
".External2" "type.convert.default" "type.convert" "read.table" "read.csv" "stepDataImport" "profilingWrapper" 
".External2" "type.convert.default" "type.convert" "read.table" "read.csv" "stepDataImport" "profilingWrapper" 
"lazyLoadDBfetch" "elementMetadata<-" "elementMetadata<-" "mcols<-" "mcols<-" "DataFrame" "readSummarizedExperiment" "readQFeatures" "scp::readSCP" ".readQFeaturesTMT" "stepDataImport" "profilingWrapper" 
"FUN" "vapply" "assays_have_expected_dimnames" "SummarizedExperiment" "readSummarizedExperiment" "readQFeatures" "scp::readSCP" ".readQFeaturesTMT" "stepDataImport" "profilingWrapper" 
"paste" "outerLabels" ".findInheritedMethods" "<Anonymous>" "[" "[" "[" "FUN" "lapply" "lapply" ".splitSE" "readQFeatures" "scp::readSCP" ".readQFeaturesTMT" "stepDataImport" "profilingWrapper" 
".findMethodInTable" ".quickCoerceSelect" "as" ".extract_Assays_subset" "[" "[" "[" "[" "FUN" "lapply" "lapply" ".splitSE" "readQFeatures" "scp::readSCP" ".readQFeaturesTMT" "stepDataImport" "profilingWrapper" 
"getClassDef" "FUN" "lapply" "sapply" "sapply" "standardGeneric" "which" "listClassName" "coerceToSimpleList" "asMethod" "as" ".nextMethod" "callNextMethod" "doTryCatch" "tryCatchOne" "tryCatchList" "tryCatch" "try" "coerce2" "coerce2" ".make_endoapply_ans" "endoapply" ".class1" "as" ".extract_Assays_subset" "[" "[" "[" "[" "FUN" "lapply" "lapply" ".splitSE" "readQFeatures" "scp::readSCP" ".readQFeaturesTMT" "stepDataImport" "profilingWrapper" 
"value[[3]]" "tryCatchOne" "tryCatchList" "tryCatch" "try" ".nextMethod" "callNextMethod" "doTryCatch" "tryCatchOne" "tryCatchList" "tryCatch" "try" "coerce2" "coerce2" ".make_endoapply_ans" "endoapply" ".class1" "as" ".extract_Assays_subset" "[" "[" "[" "[" "FUN" "lapply" "lapply" ".splitSE" "readQFeatures" "scp::readSCP" ".readQFeaturesTMT" "stepDataImport" "profilingWrapper" 
".getClassesFromCache" "getClassDef" "is" "callNextMethod" "updateObject" "updateObject" "colData" "colData" "rownames" ".local" "colnames" "colnames" "dimnames" "dimnames" "dimnames" "f" "doTryCatch" "tryCatchOne" "tryCatchList" "tryCatch" "try" "standardGeneric" "%in%" "FUN" "vapply" ".getMethErr" ".testMethodsTable" "method" "validityMethod" "isTRUE" "anyStrings" "validObject" "initialize" "initialize" "new" "coerceToExperimentList" "asMethod" "as" ".nextMethod" "callNextMethod" "doTryCatch" "tryCatchOne" "tryCatchList" "tryCatch" "try" "coerce2" "coerce2" "doTryCatch" "tryCatchOne" "tryCatchList" "tryCatch" "try" ".wrap_in_length_one_list_like_object" ".replace_list_element" "setListElement" "setListElement" "[[<-" "[[<-" ".createUniqueColnames" "readQFeatures" "scp::readSCP" ".readQFeaturesTMT" "stepDataImport" "profilingWrapper" 
"doTryCatch" "tryCatchOne" "tryCatchList" "tryCatch" "try" "validObject" "initialize" "initialize" "new" "coerceToExperimentList" "asMethod" "as" ".nextMethod" "callNextMethod" "doTryCatch" "tryCatchOne" "tryCatchList" "tryCatch" "try" "coerce2" "coerce2" "doTryCatch" "tryCatchOne" "tryCatchList" "tryCatch" "try" ".wrap_in_length_one_list_like_object" ".replace_list_element" "setListElement" "setListElement" "[[<-" "[[<-" ".createUniqueColnames" "readQFeatures" "scp::readSCP" ".readQFeaturesTMT" "stepDataImport" "profilingWrapper" 
"is" "callNextMethod" "methods:::loadMethod" "methods:::loadMethod" "parallel_slot_names" "slot" "standardGeneric" "NROW" "length" "length" "length" "NROW" "standardGeneric" "NROW" "mergeROWS" "mergeROWS" ".nextMethod" "eval" "eval" "callNextMethod" "[<-" "[<-" ".replace_list_element" "setListElement" "setListElement" "[[<-" "[[<-" ".createUniqueColnames" "readQFeatures" "scp::readSCP" ".readQFeaturesTMT" "stepDataImport" "profilingWrapper" 
"colnames" "dimnames" "dimnames" "dimnames" "f" "doTryCatch" "tryCatchOne" "tryCatchList" "tryCatch" "try" "standardGeneric" "%in%" "FUN" "vapply" ".getMethErr" ".testMethodsTable" "method" "validityMethod" "isTRUE" "anyStrings" "validObject" "initialize" "initialize" "new" "coerceToExperimentList" "asMethod" "as" ".nextMethod" "callNextMethod" "doTryCatch" "tryCatchOne" "tryCatchList" "tryCatch" "try" "coerce2" "coerce2" "doTryCatch" "tryCatchOne" "tryCatchList" "tryCatch" "try" ".wrap_in_length_one_list_like_object" ".replace_list_element" "setListElement" "setListElement" "[[<-" "[[<-" ".createUniqueColnames" "readQFeatures" "scp::readSCP" ".readQFeaturesTMT" "stepDataImport" "profilingWrapper" 
"getClassDef" "FUN" "lapply" "sapply" "sapply" "standardGeneric" "which" "S4Vectors:::listClassName" "...elt" "stopifnot" "is" ".coerceToList" "asMethod" "as" "colnames" "colnames" "unname" "unlist" "unique" "MultiAssayExperiment" "QFeatures" "readQFeatures" "scp::readSCP" ".readQFeaturesTMT" "stepDataImport" "profilingWrapper" 
"unique.default" "unique" ".findInheritedMethods" "<Anonymous>" "standardGeneric" "%in%" ".harmonize" "MultiAssayExperiment" "QFeatures" "readQFeatures" "scp::readSCP" ".readQFeaturesTMT" "stepDataImport" "profilingWrapper" 
"get" ".findInheritedMethods" "<Anonymous>" "extractROWS" "subset_along_ROWS" "[" "[" "mendoapply" ".harmonize" "MultiAssayExperiment" "QFeatures" "readQFeatures" "scp::readSCP" ".readQFeaturesTMT" "stepDataImport" "profilingWrapper" 
"methodsPackageMetaName" "classMetaName" "getClassDef" "FUN" "lapply" "sapply" "sapply" "standardGeneric" "which" "listClassName" ".selectListClassName" "relistToClass" "relistToClass" "relist" "standardGeneric" "relist" ".coerceToList" "asMethod" "as" "dimnames" "dimnames" "dimnames" "dimnames" "dimnames" "dimnames" "%||%" "colnames" "colnames" ".uniqueNamesInAssays" "method" "validityMethod" "isTRUE" "anyStrings" "validObject" "initialize" "initialize" "new" "MultiAssayExperiment" "QFeatures" "readQFeatures" "scp::readSCP" ".readQFeaturesTMT" "stepDataImport" "profilingWrapper" 
"paste" "outerLabels" ".findInheritedMethods" "<Anonymous>" "[" "S4Vectors::splitAsList" "mapToList" ".checkSampleNames" "method" "validityMethod" "isTRUE" "anyStrings" "validObject" "initialize" "initialize" "new" "MultiAssayExperiment" "QFeatures" "readQFeatures" "scp::readSCP" ".readQFeaturesTMT" "stepDataImport" "profilingWrapper" 
"paste" "outerLabels" ".findInheritedMethods" "<Anonymous>" "[" "Filter" "Filter" ".checkSampleNames" "method" "validityMethod" "isTRUE" "anyStrings" "validObject" "initialize" "initialize" "new" "MultiAssayExperiment" "QFeatures" "readQFeatures" "scp::readSCP" ".readQFeaturesTMT" "stepDataImport" "profilingWrapper" 
"sapply" "sapply" "AssayLinks" "AssayLinks" "QFeatures" "readQFeatures" "scp::readSCP" ".readQFeaturesTMT" "stepDataImport" "profilingWrapper" 
"FUN" "lapply" "sapply" "sapply" "standardGeneric" "which" "listClassName" ".selectListClassName" "relistToClass" "relistToClass" "relist" "standardGeneric" "relist" ".coerceToList" "asMethod" "as" "dimnames" "dimnames" "dimnames" "dimnames" "dimnames" "dimnames" "%||%" "colnames" "colnames" "Filter" ".checkSampleNames" "method" "validityMethod" "isTRUE" "anyStrings" "validObject" "initialize" "initialize" "new" "QFeatures" "readQFeatures" "scp::readSCP" ".readQFeaturesTMT" "stepDataImport" "profilingWrapper" 
"paste" "outerLabels" ".findInheritedMethods" "<Anonymous>" "standardGeneric" "relist" "asMethod" "as" "initialize" "initialize" "new" ".rse_to_sce" "asMethod" "FUN" "lapply" "ExperimentList" "scp::readSCP" ".readQFeaturesTMT" "stepDataImport" "profilingWrapper" 
"paste" "outerLabels" ".findInheritedMethods" "<Anonymous>" "standardGeneric" "relist" "asMethod" "as" "initialize" "initialize" "new" ".rse_to_sce" "asMethod" "FUN" "lapply" "ExperimentList" "scp::readSCP" ".readQFeaturesTMT" "stepDataImport" "profilingWrapper" 
"stopifnot" "is" ".findMethodInTable" ".quickCoerceSelect" "as<-" "initialize" "initialize" "new" ".findNextFromTable" "addNextMethod" "addNextMethod" "callNextMethod" "updateObject" "updateObject" ".set_internal_all" "reducedDims<-" "reducedDims<-" ".rse_to_sce" "asMethod" "FUN" "lapply" "ExperimentList" "scp::readSCP" ".readQFeaturesTMT" "stepDataImport" "profilingWrapper" 
"match.fun" "lapply" "lapply" "standardGeneric" "<Anonymous>" "do.call" "do.call" ".local" "c" "c" "c" "coerce2" "coerce2" ".append_list_element" "setListElement" "setListElement" ".nextMethod" "eval" "eval" "callNextMethod" "[[<-" "[[<-" ".set_internal_all" "altExps<-" "altExps<-" ".rse_to_sce" "asMethod" "FUN" "lapply" "ExperimentList" "scp::readSCP" ".readQFeaturesTMT" "stepDataImport" "profilingWrapper" 
"dim" "dim" "NROW" "standardGeneric" "NROW" "relist" "standardGeneric" "relist" "asMethod" "as" "initialize" "initialize" "new" ".rse_to_sce" "asMethod" "FUN" "lapply" "ExperimentList" "scp::readSCP" ".readQFeaturesTMT" "stepDataImport" "profilingWrapper" 
"conditionMessage.condition" "conditionMessage" "strsplit" "value[[3]]" "tryCatchOne" "tryCatchList" "tryCatch" "try" "elementNROWS" "elementNROWS" "new_DataFrame" "coerce2" "coerce2" "doTryCatch" "tryCatchOne" "tryCatchList" "tryCatch" "try" ".wrap_in_length_one_list_like_object" ".append_list_element" "setListElement" "setListElement" ".nextMethod" "eval" "eval" "callNextMethod" "[[<-" "[[<-" ".set_internal_all" "altExps<-" "altExps<-" ".rse_to_sce" "asMethod" "FUN" "lapply" "ExperimentList" "scp::readSCP" ".readQFeaturesTMT" "stepDataImport" "profilingWrapper" 
"initialize" "initialize" "new" "new2" "make_zero_col_DFrame" ".reconcile_mcols" "newCompressedList0" "relist" "standardGeneric" "relist" "asMethod" "as" "initialize" "initialize" "new" ".rse_to_sce" "asMethod" "FUN" "lapply" "ExperimentList" "scp::readSCP" ".readQFeaturesTMT" "stepDataImport" "profilingWrapper" 
"int_metadata" "updateObject" "updateObject" ".set_internal_all" ".local" "rowPairs<-" "rowPairs<-" ".rse_to_sce" "asMethod" "FUN" "lapply" "ExperimentList" "scp::readSCP" ".readQFeaturesTMT" "stepDataImport" "profilingWrapper" 
"matrix" ".getBestMethods" ".findInheritedMethods" "selectMethod" ".selectClosestMethod1" "length" "length" "length" "isSingleNumber" "...elt" "stopifnot" "S4Vectors:::make_zero_col_DataFrame" ".new_RangedSummarizedExperiment" "asMethod" "as" "initialize" "initialize" "new" ".rse_to_sce" "asMethod" "FUN" "lapply" "ExperimentList" "scp::readSCP" ".readQFeaturesTMT" "stepDataImport" "profilingWrapper" 
"getClassDef" "getClass" "getDataPart" "methods::slot" "asMethod" "as<-" "initialize" "initialize" "new" ".findNextFromTable" "addNextMethod" "addNextMethod" "callNextMethod" ".nextMethod" "callNextMethod" "updateObject" "updateObject" ".set_internal_all" ".local" "rowPairs<-" "rowPairs<-" ".rse_to_sce" "asMethod" "FUN" "lapply" "ExperimentList" "scp::readSCP" ".readQFeaturesTMT" "stepDataImport" "profilingWrapper" 
".getClassesFromCache" "getClassDef" "is" "isClassDef" "getSlots" "normarg_mcols" "elementMetadata<-" "elementMetadata<-" "mcols<-" "mcols<-" "DataFrame" "IRanges" "GRanges" "standardGeneric" "relist" "asMethod" "as" "initialize" "initialize" "new" ".rse_to_sce" "asMethod" "FUN" "lapply" "ExperimentList" "scp::readSCP" ".readQFeaturesTMT" "stepDataImport" "profilingWrapper" 
"...length" "stopifnot" "is" "callNextMethod" "methods:::loadMethod" "methods:::loadMethod" "updateObject" "updateObject" "updateObject" "updateObject" "updateObject" ".nextMethod" "callNextMethod" "updateObject" "updateObject" ".set_internal_all" "altExps<-" "altExps<-" ".rse_to_sce" "asMethod" "FUN" "lapply" "ExperimentList" "scp::readSCP" ".readQFeaturesTMT" "stepDataImport" "profilingWrapper" 
"methods:::loadMethod" "updateObject" "updateObject" "updateObject" "updateObject" "updateObject" ".nextMethod" "callNextMethod" "updateObject" "updateObject" ".set_internal_all" ".local" "colPairs<-" "colPairs<-" ".rse_to_sce" "asMethod" "FUN" "lapply" "ExperimentList" "scp::readSCP" ".readQFeaturesTMT" "stepDataImport" "profilingWrapper" 
"suppressWarnings" "NSBS" "NSBS" "normalizeSingleBracketSubscript" "extractCOLS" "extractCOLS" "[" "[" ".set_internal_all" "reducedDims<-" "reducedDims<-" ".rse_to_sce" "asMethod" "FUN" "lapply" "ExperimentList" "scp::readSCP" ".readQFeaturesTMT" "stepDataImport" "profilingWrapper" 
"tryCatch" "try" "validObject" "initialize" "initialize" "new" ".findNextFromTable" "addNextMethod" "addNextMethod" "callNextMethod" "METHOD" "updateObject" "updateObject" ".nextMethod" "callNextMethod" "updateObject" "updateObject" ".set_internal_all" ".local" "rowPairs<-" "rowPairs<-" ".rse_to_sce" "asMethod" "FUN" "lapply" "ExperimentList" "scp::readSCP" ".readQFeaturesTMT" "stepDataImport" "profilingWrapper" 
"getClass" "new" ".findNextFromTable" "addNextMethod" "addNextMethod" "callNextMethod" ".nextMethod" "callNextMethod" "updateObject" "updateObject" ".set_internal_all" "reducedDims<-" "reducedDims<-" ".rse_to_sce" "asMethod" "FUN" "lapply" "ExperimentList" "scp::readSCP" ".readQFeaturesTMT" "stepDataImport" "profilingWrapper" 
"grepl" ".make_numeric_version" "package_version" "packageVersion" "updateObject" "updateObject" ".set_internal_all" ".local" "rowPairs<-" "rowPairs<-" ".rse_to_sce" "asMethod" "FUN" "lapply" "ExperimentList" "scp::readSCP" ".readQFeaturesTMT" "stepDataImport" "profilingWrapper" 
"doTryCatch" "tryCatchOne" "tryCatchList" "tryCatch" "try" "validObject" "initialize" "initialize" "new" "new2" "PartitioningByEnd" "asMethod" "as" "initialize" "initialize" "new" ".rse_to_sce" "asMethod" "FUN" "lapply" "ExperimentList" "scp::readSCP" ".readQFeaturesTMT" "stepDataImport" "profilingWrapper" 
".getGeneric" "getGeneric" "as" "initialize" "initialize" "new" ".findNextFromTable" "addNextMethod" "addNextMethod" "callNextMethod" ".nextMethod" "callNextMethod" ".nextMethod" "callNextMethod" "updateObject" "updateObject" ".set_internal_all" "altExps<-" "altExps<-" ".rse_to_sce" "asMethod" "FUN" "lapply" "ExperimentList" "scp::readSCP" ".readQFeaturesTMT" "stepDataImport" "profilingWrapper" 
"sys.function" "callNextMethod" "updateObject" "updateObject" ".nextMethod" "callNextMethod" ".nextMethod" "callNextMethod" "updateObject" "updateObject" ".set_internal_all" ".local" "colPairs<-" "colPairs<-" ".rse_to_sce" "asMethod" "FUN" "lapply" "ExperimentList" "scp::readSCP" ".readQFeaturesTMT" "stepDataImport" "profilingWrapper" 
"rev.default" "rev" "validObject" "updateObject" ".nextMethod" "callNextMethod" ".nextMethod" "callNextMethod" ".nextMethod" "callNextMethod" "updateObject" "updateObject" ".set_internal_all" "reducedDims<-" "reducedDims<-" ".rse_to_sce" "asMethod" "FUN" "lapply" "ExperimentList" "scp::readSCP" ".readQFeaturesTMT" "stepDataImport" "profilingWrapper" 
"rev.default" "rev" "validObject" "updateObject" ".nextMethod" "callNextMethod" ".nextMethod" "callNextMethod" ".nextMethod" "callNextMethod" "updateObject" "updateObject" ".set_internal_all" "reducedDims<-" "reducedDims<-" ".rse_to_sce" "asMethod" "FUN" "lapply" "ExperimentList" "scp::readSCP" ".readQFeaturesTMT" "stepDataImport" "profilingWrapper" 
"rev.default" "rev" "validObject" "updateObject" ".nextMethod" "callNextMethod" ".nextMethod" "callNextMethod" ".nextMethod" "callNextMethod" "updateObject" "updateObject" ".set_internal_all" "reducedDims<-" "reducedDims<-" ".rse_to_sce" "asMethod" "FUN" "lapply" "ExperimentList" "scp::readSCP" ".readQFeaturesTMT" "stepDataImport" "profilingWrapper" 
"rev.default" "rev" "validObject" "updateObject" ".nextMethod" "callNextMethod" ".nextMethod" "callNextMethod" ".nextMethod" "callNextMethod" "updateObject" "updateObject" ".set_internal_all" "reducedDims<-" "reducedDims<-" ".rse_to_sce" "asMethod" "FUN" "lapply" "ExperimentList" "scp::readSCP" ".readQFeaturesTMT" "stepDataImport" "profilingWrapper" 
"rev.default" "rev" "validObject" "updateObject" ".nextMethod" "callNextMethod" ".nextMethod" "callNextMethod" ".nextMethod" "callNextMethod" "updateObject" "updateObject" ".set_internal_all" "reducedDims<-" "reducedDims<-" ".rse_to_sce" "asMethod" "FUN" "lapply" "ExperimentList" "scp::readSCP" ".readQFeaturesTMT" "stepDataImport" "profilingWrapper" 
"rev.default" "rev" "validObject" "updateObject" ".nextMethod" "callNextMethod" ".nextMethod" "callNextMethod" ".nextMethod" "callNextMethod" "updateObject" "updateObject" ".set_internal_all" "reducedDims<-" "reducedDims<-" ".rse_to_sce" "asMethod" "FUN" "lapply" "ExperimentList" "scp::readSCP" ".readQFeaturesTMT" "stepDataImport" "profilingWrapper" 
"rev.default" "rev" "validObject" "updateObject" ".nextMethod" "callNextMethod" ".nextMethod" "callNextMethod" ".nextMethod" "callNextMethod" "updateObject" "updateObject" ".set_internal_all" "reducedDims<-" "reducedDims<-" ".rse_to_sce" "asMethod" "FUN" "lapply" "ExperimentList" "scp::readSCP" ".readQFeaturesTMT" "stepDataImport" "profilingWrapper" 
"rev.default" "rev" "validObject" "updateObject" ".nextMethod" "callNextMethod" ".nextMethod" "callNextMethod" ".nextMethod" "callNextMethod" "updateObject" "updateObject" ".set_internal_all" "reducedDims<-" "reducedDims<-" ".rse_to_sce" "asMethod" "FUN" "lapply" "ExperimentList" "scp::readSCP" ".readQFeaturesTMT" "stepDataImport" "profilingWrapper" 
"rev.default" "rev" "validObject" "updateObject" ".nextMethod" "callNextMethod" ".nextMethod" "callNextMethod" ".nextMethod" "callNextMethod" "updateObject" "updateObject" ".set_internal_all" "reducedDims<-" "reducedDims<-" ".rse_to_sce" "asMethod" "FUN" "lapply" "ExperimentList" "scp::readSCP" ".readQFeaturesTMT" "stepDataImport" "profilingWrapper" 
"rev.default" "rev" "validObject" "updateObject" ".nextMethod" "callNextMethod" ".nextMethod" "callNextMethod" ".nextMethod" "callNextMethod" "updateObject" "updateObject" ".set_internal_all" "reducedDims<-" "reducedDims<-" ".rse_to_sce" "asMethod" "FUN" "lapply" "ExperimentList" "scp::readSCP" ".readQFeaturesTMT" "stepDataImport" "profilingWrapper" 
"rev.default" "rev" "validObject" "updateObject" ".nextMethod" "callNextMethod" ".nextMethod" "callNextMethod" ".nextMethod" "callNextMethod" "updateObject" "updateObject" ".set_internal_all" "reducedDims<-" "reducedDims<-" ".rse_to_sce" "asMethod" "FUN" "lapply" "ExperimentList" "scp::readSCP" ".readQFeaturesTMT" "stepDataImport" "profilingWrapper" 
"rev.default" "rev" "validObject" "updateObject" ".nextMethod" "callNextMethod" ".nextMethod" "callNextMethod" ".nextMethod" "callNextMethod" "updateObject" "updateObject" ".set_internal_all" "reducedDims<-" "reducedDims<-" ".rse_to_sce" "asMethod" "FUN" "lapply" "ExperimentList" "scp::readSCP" ".readQFeaturesTMT" "stepDataImport" "profilingWrapper" 
"rev.default" "rev" "validObject" "updateObject" ".nextMethod" "callNextMethod" ".nextMethod" "callNextMethod" ".nextMethod" "callNextMethod" "updateObject" "updateObject" ".set_internal_all" "reducedDims<-" "reducedDims<-" ".rse_to_sce" "asMethod" "FUN" "lapply" "ExperimentList" "scp::readSCP" ".readQFeaturesTMT" "stepDataImport" "profilingWrapper" 
"rev.default" "rev" "validObject" "updateObject" ".nextMethod" "callNextMethod" ".nextMethod" "callNextMethod" ".nextMethod" "callNextMethod" "updateObject" "updateObject" ".set_internal_all" "reducedDims<-" "reducedDims<-" ".rse_to_sce" "asMethod" "FUN" "lapply" "ExperimentList" "scp::readSCP" ".readQFeaturesTMT" "stepDataImport" "profilingWrapper" 
"rev.default" "rev" "validObject" "updateObject" ".nextMethod" "callNextMethod" ".nextMethod" "callNextMethod" ".nextMethod" "callNextMethod" "updateObject" "updateObject" ".set_internal_all" "reducedDims<-" "reducedDims<-" ".rse_to_sce" "asMethod" "FUN" "lapply" "ExperimentList" "scp::readSCP" ".readQFeaturesTMT" "stepDataImport" "profilingWrapper" 
"rev.default" "rev" "validObject" "updateObject" ".nextMethod" "callNextMethod" ".nextMethod" "callNextMethod" ".nextMethod" "callNextMethod" "updateObject" "updateObject" ".set_internal_all" "reducedDims<-" "reducedDims<-" ".rse_to_sce" "asMethod" "FUN" "lapply" "ExperimentList" "scp::readSCP" ".readQFeaturesTMT" "stepDataImport" "profilingWrapper" 
"rev.default" "rev" "validObject" "updateObject" ".nextMethod" "callNextMethod" ".nextMethod" "callNextMethod" ".nextMethod" "callNextMethod" "updateObject" "updateObject" ".set_internal_all" "reducedDims<-" "reducedDims<-" ".rse_to_sce" "asMethod" "FUN" "lapply" "ExperimentList" "scp::readSCP" ".readQFeaturesTMT" "stepDataImport" "profilingWrapper" 
"rev.default" "rev" "validObject" "updateObject" ".nextMethod" "callNextMethod" ".nextMethod" "callNextMethod" ".nextMethod" "callNextMethod" "updateObject" "updateObject" ".set_internal_all" "reducedDims<-" "reducedDims<-" ".rse_to_sce" "asMethod" "FUN" "lapply" "ExperimentList" "scp::readSCP" ".readQFeaturesTMT" "stepDataImport" "profilingWrapper" 
"rev.default" "rev" "validObject" "updateObject" ".nextMethod" "callNextMethod" ".nextMethod" "callNextMethod" ".nextMethod" "callNextMethod" "updateObject" "updateObject" ".set_internal_all" "reducedDims<-" "reducedDims<-" ".rse_to_sce" "asMethod" "FUN" "lapply" "ExperimentList" "scp::readSCP" ".readQFeaturesTMT" "stepDataImport" "profilingWrapper" 
"getClassDef" "is" "callNextMethod" "methods:::loadMethod" "methods:::loadMethod" "updateObject" ".nextMethod" "callNextMethod" "METHOD" "updateObject" "updateObject" ".nextMethod" "callNextMethod" "updateObject" "updateObject" ".set_internal_all" "reducedDims<-" "reducedDims<-" ".rse_to_sce" "asMethod" "FUN" "lapply" "ExperimentList" "scp::readSCP" ".readQFeaturesTMT" "stepDataImport" "profilingWrapper" 
".findInheritedMethods" ".findNextFromTable" "addNextMethod" "addNextMethod" "callNextMethod" ".nextMethod" "callNextMethod" "updateObject" "updateObject" ".set_internal_all" ".local" "colPairs<-" "colPairs<-" ".rse_to_sce" "asMethod" "FUN" "lapply" "ExperimentList" "scp::readSCP" ".readQFeaturesTMT" "stepDataImport" "profilingWrapper" 
"tryCatchOne" "tryCatchList" "tryCatch" "try" "validObject" "updateObject" "updateObject" "updateObject" ".set_internal_all" "altExps<-" "altExps<-" ".rse_to_sce" "asMethod" "FUN" "lapply" "ExperimentList" "scp::readSCP" ".readQFeaturesTMT" "stepDataImport" "profilingWrapper" 
"methods:::loadMethod" "methods:::loadMethod" "updateObject" "updateObject" "updateObject" "updateObject" "updateObject" ".nextMethod" "callNextMethod" "updateObject" "updateObject" ".set_internal_all" ".local" "colPairs<-" "colPairs<-" ".rse_to_sce" "asMethod" "FUN" "lapply" "ExperimentList" "scp::readSCP" ".readQFeaturesTMT" "stepDataImport" "profilingWrapper" 
"FUN" "lapply" "sapply" "sapply" "standardGeneric" "which" "listClassName" "coerceToSimpleList" "asMethod" "as" ".nextMethod" "callNextMethod" "doTryCatch" "tryCatchOne" "tryCatchList" "tryCatch" "try" "coerce2" "coerce2" ".make_endoapply_ans" "endoapply" "updateObject" "updateObject" ".nextMethod" "callNextMethod" ".nextMethod" "callNextMethod" "updateObject" "updateObject" ".set_internal_all" "altExps<-" "altExps<-" ".rse_to_sce" "asMethod" "FUN" "lapply" "ExperimentList" "scp::readSCP" ".readQFeaturesTMT" "stepDataImport" "profilingWrapper" 
"validObject" "initialize" "initialize" "new" ".findNextFromTable" "addNextMethod" "addNextMethod" "callNextMethod" "METHOD" "updateObject" "updateObject" ".nextMethod" "callNextMethod" "updateObject" "updateObject" ".set_internal_all" ".local" "colPairs<-" "colPairs<-" ".rse_to_sce" "asMethod" "FUN" "lapply" "ExperimentList" "scp::readSCP" ".readQFeaturesTMT" "stepDataImport" "profilingWrapper" 
"@<-" "updateObject" "updateObject" "METHOD" "updateObject" "updateObject" ".nextMethod" "callNextMethod" "updateObject" "updateObject" ".set_internal_all" "altExps<-" "altExps<-" ".rse_to_sce" "asMethod" "FUN" "lapply" "ExperimentList" "scp::readSCP" ".readQFeaturesTMT" "stepDataImport" "profilingWrapper" 
"mcols<-" "mcols<-" "DataFrame" "IRanges" "GRanges" "standardGeneric" "relist" "asMethod" "as" "initialize" "initialize" "new" ".rse_to_sce" "asMethod" "FUN" "lapply" "ExperimentList" "scp::readSCP" ".readQFeaturesTMT" "stepDataImport" "profilingWrapper" 
"validObject" "initialize" "initialize" "new" "new2" "new_DataFrame" "DataFrame" "cbind" "eval" "eval" "eval" "standardGeneric" "<Anonymous>" "do.call" "do.call" ".local" "c" "c" "c" "coerce2" "coerce2" ".append_list_element" "setListElement" "setListElement" ".nextMethod" "eval" "eval" "callNextMethod" "[[<-" "[[<-" ".set_internal_all" "altExps<-" "altExps<-" ".rse_to_sce" "asMethod" "FUN" "lapply" "ExperimentList" "scp::readSCP" ".readQFeaturesTMT" "stepDataImport" "profilingWrapper" 
"getClassDef" "possibleExtends" "validObject" "initialize" "initialize" "new" ".new_RangedSummarizedExperiment" "asMethod" "as" "initialize" "initialize" "new" ".rse_to_sce" "asMethod" "FUN" "lapply" "ExperimentList" "scp::readSCP" ".readQFeaturesTMT" "stepDataImport" "profilingWrapper" 
".classEnv" "as" "updateObject" "updateObject" ".nextMethod" "callNextMethod" ".nextMethod" "callNextMethod" "updateObject" "updateObject" ".set_internal_all" ".local" "rowPairs<-" "rowPairs<-" ".rse_to_sce" "asMethod" "FUN" "lapply" "ExperimentList" "scp::readSCP" ".readQFeaturesTMT" "stepDataImport" "profilingWrapper" 
".getClassesFromCache" "getClassDef" "FUN" "lapply" "sapply" "sapply" "standardGeneric" "which" "listClassName" "coerceToSimpleList" "asMethod" "as" ".nextMethod" "callNextMethod" "doTryCatch" "tryCatchOne" "tryCatchList" "tryCatch" "try" "coerce2" "coerce2" ".make_endoapply_ans" "endoapply" "updateObject" "updateObject" ".nextMethod" "callNextMethod" ".nextMethod" "callNextMethod" "updateObject" "updateObject" ".set_internal_all" "reducedDims<-" "reducedDims<-" ".rse_to_sce" "asMethod" "FUN" "lapply" "ExperimentList" "scp::readSCP" ".readQFeaturesTMT" "stepDataImport" "profilingWrapper" 
"slot" "doTryCatch" "tryCatchOne" "tryCatchList" "tryCatch" "try" "validObject" "initialize" "initialize" "new" "new2" "NativeNSBS" "NSBS" "NSBS" "normalizeSingleBracketSubscript" "extractCOLS" "extractCOLS" "[" "[" ".set_internal_all" ".local" "rowPairs<-" "rowPairs<-" ".rse_to_sce" "asMethod" "FUN" "lapply" "ExperimentList" "scp::readSCP" ".readQFeaturesTMT" "stepDataImport" "profilingWrapper" 
".findInheritedMethods" ".findNextFromTable" "addNextMethod" "addNextMethod" "callNextMethod" "METHOD" "updateObject" "updateObject" ".nextMethod" "callNextMethod" "updateObject" "updateObject" ".set_internal_all" "reducedDims<-" "reducedDims<-" ".rse_to_sce" "asMethod" "FUN" "lapply" "ExperimentList" "scp::readSCP" ".readQFeaturesTMT" "stepDataImport" "profilingWrapper" 
".getClassesFromCache" "getClassDef" "getClass" ".findInheritedMethods" ".findNextFromTable" "addNextMethod" "addNextMethod" "callNextMethod" ".nextMethod" "callNextMethod" "updateObject" "updateObject" ".set_internal_all" ".local" "colPairs<-" "colPairs<-" ".rse_to_sce" "asMethod" "FUN" "lapply" "ExperimentList" "scp::readSCP" ".readQFeaturesTMT" "stepDataImport" "profilingWrapper" 
"getGeneric" "selectMethod" ".selectClosestMethod1" "updateObject" "updateObject" "rowRanges" "rowRanges" "names" "names" "names" ".local" "rownames" "rownames" "dimnames" "dimnames" "dimnames" "f" "doTryCatch" "tryCatchOne" "tryCatchList" "tryCatch" "try" "standardGeneric" "%in%" "FUN" "vapply" ".getMethErr" ".testMethodsTable" "method" "validityMethod" "isTRUE" "anyStrings" "validObject" "initialize" "initialize" "new" "ExperimentList" "scp::readSCP" ".readQFeaturesTMT" "stepDataImport" "profilingWrapper" 
"paste" ".sigLabel" ".findMethodInTable" ".quickCoerceSelect" "as" "initialize" "initialize" "new" ".findNextFromTable" "addNextMethod" "addNextMethod" "callNextMethod" "METHOD" "updateObject" "updateObject" "rowRanges" "rowRanges" "names" "names" "names" ".local" "rownames" "rownames" "dimnames" "dimnames" "dimnames" "f" "doTryCatch" "tryCatchOne" "tryCatchList" "tryCatch" "try" "standardGeneric" "%in%" "FUN" "vapply" ".getMethErr" ".testMethodsTable" "method" "validityMethod" "isTRUE" "anyStrings" "validObject" "initialize" "initialize" "new" "ExperimentList" "scp::readSCP" ".readQFeaturesTMT" "stepDataImport" "profilingWrapper" 
".getClassesFromCache" "getClassDef" "is" "callNextMethod" "methods:::loadMethod" "methods:::loadMethod" "updateObject" "updateObject" "updateObject" "updateObject" "updateObject" "rowRanges" "rowRanges" "names" "names" "names" ".local" "rownames" "rownames" "dimnames" "dimnames" "dimnames" "f" "doTryCatch" "tryCatchOne" "tryCatchList" "tryCatch" "try" "standardGeneric" "%in%" "FUN" "vapply" ".getMethErr" ".testMethodsTable" "method" "validityMethod" "isTRUE" "anyStrings" "validObject" "initialize" "initialize" "new" "ExperimentList" "scp::readSCP" ".readQFeaturesTMT" "stepDataImport" "profilingWrapper" 
"assign" "callNextMethod" "updateObject" "updateObject" "METHOD" "updateObject" "updateObject" "rowRanges" "rowRanges" "names" "names" "names" ".local" "rownames" "rownames" "dimnames" "dimnames" "dimnames" "f" "doTryCatch" "tryCatchOne" "tryCatchList" "tryCatch" "try" "standardGeneric" "%in%" "FUN" "vapply" ".getMethErr" ".testMethodsTable" "method" "validityMethod" "isTRUE" "anyStrings" "validObject" "initialize" "initialize" "new" "ExperimentList" "scp::readSCP" ".readQFeaturesTMT" "stepDataImport" "profilingWrapper" 
"standardGeneric" "NROW" "relist" "standardGeneric" "relist" ".coerceToList" "asMethod" "as" "dimnames" "dimnames" "dimnames" "dimnames" "dimnames" "dimnames" "%||%" "colnames" "colnames" "experiments<-" "experiments<-" "scp::readSCP" ".readQFeaturesTMT" "stepDataImport" "profilingWrapper" 
