sample.interval=20000
"scan" "read.table" "read.csv" "stepDataImport" "profilingWrapper" 
"scan" "read.table" "read.csv" "stepDataImport" "profilingWrapper" 
"scan" "read.table" "read.csv" "stepDataImport" "profilingWrapper" 
".External2" "type.convert.default" "type.convert" "read.table" "read.csv" "stepDataImport" "profilingWrapper" 
"unsafe_replaceSlots" "BiocGenerics:::replaceSlots" "elementMetadata<-" "elementMetadata<-" "mcols<-" "mcols<-" ".make_endoapply_ans" "endoapply" ".class1" "as" ".extract_Assays_subset" "[" "[" "[" "[" "FUN" "lapply" "lapply" ".splitSE" "readQFeatures" "scp::readSCP" ".readQFeaturesTMT" "stepDataImport" "profilingWrapper" 
"sys.call" "callNextMethod" "methods:::loadMethod" "methods:::loadMethod" "updateObject" "colData" "colData" "rownames" ".local" "colnames" "colnames" "dimnames" "dimnames" "dimnames" "f" "doTryCatch" "tryCatchOne" "tryCatchList" "tryCatch" "try" "standardGeneric" "%in%" "FUN" "vapply" ".getMethErr" ".testMethodsTable" "method" "validityMethod" "isTRUE" "anyStrings" "validObject" "initialize" "initialize" "new" "<Anonymous>" "do.call" "do.call" ".splitSE" "readQFeatures" "scp::readSCP" ".readQFeaturesTMT" "stepDataImport" "profilingWrapper" 
"PartitioningByEnd" ".coerceToList" "asMethod" "as" "colnames" "colnames" "unname" "unlist" "unique" "MultiAssayExperiment" "QFeatures" "readQFeatures" "scp::readSCP" ".readQFeaturesTMT" "stepDataImport" "profilingWrapper" 
"@<-" ".local" "metadata<-" "metadata<-" ".make_endoapply_ans" "mendoapply" ".harmonize" "MultiAssayExperiment" "QFeatures" "readQFeatures" "scp::readSCP" ".readQFeaturesTMT" "stepDataImport" "profilingWrapper" 
"Hits" "initialize" "initialize" "new" "FUN" "lapply" "sapply" "sapply" "AssayLinks" "AssayLinks" "QFeatures" "readQFeatures" "scp::readSCP" ".readQFeaturesTMT" "stepDataImport" "profilingWrapper" 
"sort.int" "sort.default" "sort" "sort" ".id_sort_uniq" "<Anonymous>" "mapply" "eval" "eval" "eval" "standardGeneric" "mapply" ".checkSampleNames" "method" "validityMethod" "isTRUE" "anyStrings" "validObject" "initialize" "initialize" "new" "QFeatures" "readQFeatures" "scp::readSCP" ".readQFeaturesTMT" "stepDataImport" "profilingWrapper" 
"assign" ".nextMethod" "callNextMethod" "methods:::loadMethod" "methods:::loadMethod" "updateObject" "updateObject" "updateObject" ".nextMethod" "callNextMethod" "updateObject" "updateObject" ".set_internal_all" "altExps<-" "altExps<-" ".rse_to_sce" "asMethod" "FUN" "lapply" "ExperimentList" "scp::readSCP" ".readQFeaturesTMT" "stepDataImport" "profilingWrapper" 
"getClassDef" "getClass" "initialize" "initialize" "new" "new2" "NativeNSBS" "NSBS" "NSBS" "normalizeSingleBracketSubscript" "extractCOLS" "extractCOLS" "[" "[" ".set_internal_all" ".local" "colPairs<-" "colPairs<-" ".rse_to_sce" "asMethod" "FUN" "lapply" "ExperimentList" "scp::readSCP" ".readQFeaturesTMT" "stepDataImport" "profilingWrapper" 
"get" "get" "disableValidity" "validityMethod" "isTRUE" "anyStrings" "validObject" "updateObject" "METHOD" "updateObject" "updateObject" ".nextMethod" "callNextMethod" "updateObject" "updateObject" ".set_internal_all" "altExps<-" "altExps<-" ".rse_to_sce" "asMethod" "FUN" "lapply" "ExperimentList" "scp::readSCP" ".readQFeaturesTMT" "stepDataImport" "profilingWrapper" 
"getClassDef" "initialize" "initialize" "new" "new2" "new_DataFrame" "DataFrame" "cbind" "eval" "eval" "eval" "standardGeneric" "<Anonymous>" "do.call" "do.call" ".local" "c" "c" "c" "coerce2" "coerce2" ".append_list_element" "setListElement" "setListElement" ".nextMethod" "eval" "eval" "callNextMethod" "[[<-" "[[<-" ".set_internal_all" ".local" "colPairs<-" "colPairs<-" ".rse_to_sce" "asMethod" "FUN" "lapply" "ExperimentList" "scp::readSCP" ".readQFeaturesTMT" "stepDataImport" "profilingWrapper" 
"validObject" "initialize" "initialize" "new" "new2" "NativeNSBS" "NSBS" "NSBS" "normalizeSingleBracketSubscript" "extractCOLS" "extractCOLS" "[" "[" ".set_internal_all" "altExps<-" "altExps<-" ".rse_to_sce" "asMethod" "FUN" "lapply" "ExperimentList" "scp::readSCP" ".readQFeaturesTMT" "stepDataImport" "profilingWrapper" 
".getClassesFromCache" "getClassDef" "possibleExtends" "validObject" "initialize" "initialize" "new" "new2" "newCompressedList0" "relist" "standardGeneric" "relist" "asMethod" "as" "initialize" "initialize" "new" ".rse_to_sce" "asMethod" "FUN" "lapply" "ExperimentList" "scp::readSCP" ".readQFeaturesTMT" "stepDataImport" "profilingWrapper" 
"readRDS" "packageDescription" "withCallingHandlers" "suppressWarnings" "packageVersion" "updateObject" "updateObject" ".set_internal_all" ".local" "rowPairs<-" "rowPairs<-" ".rse_to_sce" "asMethod" "FUN" "lapply" "ExperimentList" "scp::readSCP" ".readQFeaturesTMT" "stepDataImport" "profilingWrapper" 
".findInheritedMethods" ".findNextFromTable" "addNextMethod" "addNextMethod" "callNextMethod" "METHOD" "updateObject" "updateObject" "rowRanges" "rowRanges" "names" "names" "names" ".local" "rownames" "rownames" "dimnames" "dimnames" "dimnames" "f" "doTryCatch" "tryCatchOne" "tryCatchList" "tryCatch" "try" "standardGeneric" "%in%" "FUN" "vapply" ".getMethErr" ".testMethodsTable" "method" "validityMethod" "isTRUE" "anyStrings" "validObject" "initialize" "initialize" "new" "ExperimentList" "scp::readSCP" ".readQFeaturesTMT" "stepDataImport" "profilingWrapper" 
".getClassesFromCache" "getClassDef" "initialize" "initialize" "new" "new2" "PartitioningByEnd" ".coerceToList" "asMethod" "as" "dimnames" "dimnames" "dimnames" "dimnames" "dimnames" "dimnames" "%||%" "colnames" "colnames" "experiments<-" "experiments<-" "scp::readSCP" ".readQFeaturesTMT" "stepDataImport" "profilingWrapper" 
